Info: Fri Jul 17 18:25:44 2026
 (0 Minutes 0 Seconds 0 Milliseconds total): ODB Import Started

Info: ODB Extraction Started
Info: Successfully extracted data.
Info: Skipping read of fonts: standard
Info: Reading matrix file: C:/GIT/Matrix_de_chaveamento/Imageamento_microondas_test/matrix\matrix
Info: Reading step matrix array.
Warning: Invalid step NAME parameter value 'PCB' mapped to 'pcb'. NAME may contain only lower case letters, digits, '-', '_', '.', and '+'.
Info: Reading layer matrix array
Warning: Invalid layer NAME parameter value 'COMP_+_TOP' mapped to 'comp_+_top'. NAME may contain only lower case letters, digits, '-', '_', '.', and '+'.
Info: Reading layer matrix array
Warning: Invalid layer NAME parameter value 'F.SILKSCREEN' mapped to 'f.silkscreen'. NAME may contain only lower case letters, digits, '-', '_', '.', and '+'.
Info: Reading layer matrix array
Warning: Invalid layer NAME parameter value 'F.PASTE' mapped to 'f.paste'. NAME may contain only lower case letters, digits, '-', '_', '.', and '+'.
Info: Reading layer matrix array
Warning: Invalid layer NAME parameter value 'F.MASK' mapped to 'f.mask'. NAME may contain only lower case letters, digits, '-', '_', '.', and '+'.
Info: Reading layer matrix array
Warning: Invalid layer NAME parameter value 'F.CU' mapped to 'f.cu'. NAME may contain only lower case letters, digits, '-', '_', '.', and '+'.
Info: Reading layer matrix array
Warning: Invalid layer NAME parameter value 'DIELECTRIC_1' mapped to 'dielectric_1'. NAME may contain only lower case letters, digits, '-', '_', '.', and '+'.
Info: Reading layer matrix array
Warning: Invalid layer NAME parameter value 'B.CU' mapped to 'b.cu'. NAME may contain only lower case letters, digits, '-', '_', '.', and '+'.
Info: Reading layer matrix array
Warning: Invalid layer NAME parameter value 'B.MASK' mapped to 'b.mask'. NAME may contain only lower case letters, digits, '-', '_', '.', and '+'.
Info: Reading layer matrix array
Warning: Invalid layer NAME parameter value 'B.PASTE' mapped to 'b.paste'. NAME may contain only lower case letters, digits, '-', '_', '.', and '+'.
Info: Reading layer matrix array
Warning: Invalid layer NAME parameter value 'B.SILKSCREEN' mapped to 'b.silkscreen'. NAME may contain only lower case letters, digits, '-', '_', '.', and '+'.
Info: Reading layer matrix array
Warning: Invalid layer NAME parameter value 'F.ADHESIVE' mapped to 'f.adhesive'. NAME may contain only lower case letters, digits, '-', '_', '.', and '+'.
Info: Reading layer matrix array
Warning: Invalid layer NAME parameter value 'B.ADHESIVE' mapped to 'b.adhesive'. NAME may contain only lower case letters, digits, '-', '_', '.', and '+'.
Info: Reading layer matrix array
Warning: Invalid layer NAME parameter value 'USER.DRAWINGS' mapped to 'user.drawings'. NAME may contain only lower case letters, digits, '-', '_', '.', and '+'.
Info: Reading layer matrix array
Warning: Invalid layer NAME parameter value 'USER.COMMENTS' mapped to 'user.comments'. NAME may contain only lower case letters, digits, '-', '_', '.', and '+'.
Info: Reading layer matrix array
Warning: Invalid layer NAME parameter value 'USER.ECO1' mapped to 'user.eco1'. NAME may contain only lower case letters, digits, '-', '_', '.', and '+'.
Info: Reading layer matrix array
Warning: Invalid layer NAME parameter value 'USER.ECO2' mapped to 'user.eco2'. NAME may contain only lower case letters, digits, '-', '_', '.', and '+'.
Info: Reading layer matrix array
Warning: Invalid layer NAME parameter value 'EDGE.CUTS' mapped to 'edge.cuts'. NAME may contain only lower case letters, digits, '-', '_', '.', and '+'.
Info: Reading layer matrix array
Warning: Invalid layer NAME parameter value 'MARGIN' mapped to 'margin'. NAME may contain only lower case letters, digits, '-', '_', '.', and '+'.
Info: Reading layer matrix array
Warning: Invalid layer NAME parameter value 'B.COURTYARD' mapped to 'b.courtyard'. NAME may contain only lower case letters, digits, '-', '_', '.', and '+'.
Info: Reading layer matrix array
Warning: Invalid layer NAME parameter value 'F.COURTYARD' mapped to 'f.courtyard'. NAME may contain only lower case letters, digits, '-', '_', '.', and '+'.
Info: Reading layer matrix array
Warning: Invalid layer NAME parameter value 'B.FAB' mapped to 'b.fab'. NAME may contain only lower case letters, digits, '-', '_', '.', and '+'.
Info: Reading layer matrix array
Warning: Invalid layer NAME parameter value 'F.FAB' mapped to 'f.fab'. NAME may contain only lower case letters, digits, '-', '_', '.', and '+'.
Info: Reading layer matrix array
Warning: Invalid layer NAME parameter value 'USER.1' mapped to 'user.1'. NAME may contain only lower case letters, digits, '-', '_', '.', and '+'.
Info: Reading layer matrix array
Warning: Invalid layer NAME parameter value 'USER.2' mapped to 'user.2'. NAME may contain only lower case letters, digits, '-', '_', '.', and '+'.
Info: Reading layer matrix array
Warning: Invalid layer NAME parameter value 'USER.3' mapped to 'user.3'. NAME may contain only lower case letters, digits, '-', '_', '.', and '+'.
Info: Reading layer matrix array
Warning: Invalid layer NAME parameter value 'USER.4' mapped to 'user.4'. NAME may contain only lower case letters, digits, '-', '_', '.', and '+'.
Info: Reading layer matrix array
Warning: Invalid layer NAME parameter value 'DRILL_PLATED_F.CU-B.CU' mapped to 'drill_plated_f.cu-b.cu'. NAME may contain only lower case letters, digits, '-', '_', '.', and '+'.
Warning: Invalid layer START_NAME parameter value 'F.CU' mapped to 'f.cu'. START_NAME may contain only lower case letters, digits, '-', '_', '.', and '+'.
Warning: Invalid layer END_NAME parameter value 'B.CU' mapped to 'b.cu'. END_NAME may contain only lower case letters, digits, '-', '_', '.', and '+'.
Info: Reading layer matrix array
Warning: Invalid layer NAME parameter value 'COMP_+_BOT' mapped to 'comp_+_bot'. NAME may contain only lower case letters, digits, '-', '_', '.', and '+'.
Info: Reading custom symbols from: C:/GIT/Matrix_de_chaveamento/Imageamento_microondas_test/symbols
Info: Reading step "pcb".
Info: TODO - read: C:/GIT/Matrix_de_chaveamento/Imageamento_microondas_test/steps\pcb\stephdr
Info: Reading layers from: C:/GIT/Matrix_de_chaveamento/Imageamento_microondas_test/steps\pcb\layers
Info: Reading layer components file "C:/GIT/Matrix_de_chaveamento/Imageamento_microondas_test/steps\pcb\layers\comp_+_bot\components".
Info: Reading layer components file "C:/GIT/Matrix_de_chaveamento/Imageamento_microondas_test/steps\pcb\layers\comp_+_top\components".
Info: Updating components defined on comp_+_top
Info: Updating components defined on comp_+_bot
Info: Fri Jul 17 18:25:45 2026
 (0 Minutes 0 Seconds 269 Milliseconds total): ODB Import Finished



Import to/from: C:\GIT\Matrix_de_chaveamento
Import complete for: Imageamento_microondas_test.zip
Errors: 0 Warnings: 31
Elapsed time: 0 Minutes 0 Seconds 269 Milliseconds
